// Jest Snapshot v1, https://goo.gl/fbAQLP

exports[`ScoreScreen Snapshot 1`] = `
<div
  className="MuiBox-root css-ytygsf"
>
  <h5
    className="MuiTypography-root MuiTypography-h5 css-ag7rrr-MuiTypography-root"
  >
    Final score
  </h5>
  <h6
    className="MuiTypography-root MuiTypography-h6 score css-2ulfj5-MuiTypography-root"
  >
    5
  </h6>
  <button
    className="MuiButtonBase-root MuiButton-root MuiButton-contained MuiButton-containedPrimary MuiButton-sizeMedium MuiButton-containedSizeMedium MuiButton-root MuiButton-contained MuiButton-containedPrimary MuiButton-sizeMedium MuiButton-containedSizeMedium restart css-sghohy-MuiButtonBase-root-MuiButton-root"
    disabled={false}
    onBlur={[Function]}
    onClick={[Function]}
    onContextMenu={[Function]}
    onDragLeave={[Function]}
    onFocus={[Function]}
    onKeyDown={[Function]}
    onKeyUp={[Function]}
    onMouseDown={[Function]}
    onMouseLeave={[Function]}
    onMouseUp={[Function]}
    onTouchEnd={[Function]}
    onTouchMove={[Function]}
    onTouchStart={[Function]}
    tabIndex={0}
    type="button"
  >
    Restart
  </button>
</div>
`;
